// Jest Snapshot v1, https://goo.gl/fbAQLP

exports[`map convertation to list 1`] = `
Array [
  Object {
    "endsAt": "11 hours 54 minutes",
    "href": "/quest=52986",
    "id": "52986",
    "region": "eu",
  },
  Object {
    "endsAt": "11 hours 54 minutes",
    "href": "/quest=52988",
    "id": "52988",
    "region": "eu",
  },
  Object {
    "endsAt": "11 hours 54 minutes",
    "href": "/quest=52986",
    "id": "52986",
    "region": "na",
  },
  Object {
    "endsAt": "11 hours 54 minutes",
    "href": "/quest=52989",
    "id": "52989",
    "region": "na",
  },
]
`;
